// Jest Snapshot v1, https://goo.gl/fbAQLP

exports[`Pruebas en <GifExpertApp/> prueba de comparaci√≥n con el snapshot 1`] = `
<div>
  <div
    class="search-bar"
  >
    <h1>
      Search Gifs
    </h1>
    <form
      aria-label="form"
    >
      <input
        placeholder="Buscar gifs"
        type="text"
        value=""
      />
    </form>
  </div>
  <div
    class="category-section"
  >
    <h3>
      category: 
      <span
        class="category-style"
      >
        fnaf
      </span>
    </h3>
    <h2
      class="loading"
    >
      Cargando...
    </h2>
    <div
      class="card-grid"
    />
  </div>
</div>
`;
