// Jest Snapshot v1, https://goo.gl/fbAQLP

exports[`Pruebas de GiftItems debe de hacer match con el snapshot 1`] = `
<div>
  <a
    class="card"
    href="https://fnaf.com/freddy.gif"
    target="_blank"
  >
    <img
      alt="Five Night At Freddy's"
      src="https://fnaf.com/freddy.gif"
    />
    <p>
      Five Night At Freddy's
    </p>
  </a>
</div>
`;
